This is pdfTeX, Version 3.141592653-2.6-1.40.27 (TeX Live 2025/nixos.org) (preloaded format=pdflatex 1980.1.1)  19 SEP 2026 18:50
entering extended mode
 restricted \write18 enabled.
 %&-line parsing enabled.
**main.tex
(./main.tex
LaTeX2e <2025-11-01>
L3 programming layer <2026-01-19>

(/nix/store/ff99w9369azw8z5njzjs1zs86s18znyq-texlive-2025-r78234-final-env-texm
fdist/tex/latex/base/article.cls
Document Class: article 2025/01/22 v1.4n Standard LaTeX document class

(/nix/store/ff99w9369azw8z5njzjs1zs86s18znyq-texlive-2025-r78234-final-env-texm
fdist/tex/latex/base/size12.clo
File: size12.clo 2025/01/22 v1.4n Standard LaTeX file (size option)
)
\c@part=\count275
\c@section=\count276
\c@subsection=\count277
\c@subsubsection=\count278
\c@paragraph=\count279
\c@subparagraph=\count280
\c@figure=\count281
\c@table=\count282
\abovecaptionskip=\skip49
\belowcaptionskip=\skip50
\bibindent=\dimen148
)
(/nix/store/ff99w9369azw8z5njzjs1zs86s18znyq-texlive-2025-r78234-final-env-texm
fdist/tex/latex/base/inputenc.sty
Package: inputenc 2024/02/08 v1.3d Input encoding file
\inpenc@prehook=\toks17
\inpenc@posthook=\toks18
)
(/nix/store/ff99w9369azw8z5njzjs1zs86s18znyq-texlive-2025-r78234-final-env-texm
fdist/tex/latex/base/fontenc.sty
Package: fontenc 2025/07/18 v2.1d Standard LaTeX package
)
(/nix/store/ff99w9369azw8z5njzjs1zs86s18znyq-texlive-2025-r78234-final-env-texm
fdist/tex/generic/babel/babel.sty
Package: babel 2026/02/14 v26.3 The multilingual framework for LuaLaTeX, pdfLaT
eX and XeLaTeX
\babel@savecnt=\count283
LaTeX Encoding Info:    Redeclaring text command \ij (encoding OT1) on input li
ne 2078.
LaTeX Encoding Info:    Redeclaring text command \IJ (encoding OT1) on input li
ne 2080.
LaTeX Encoding Info:    Redeclaring text command \ij (encoding T1) on input lin
e 2082.
LaTeX Encoding Info:    Redeclaring text command \IJ (encoding T1) on input lin
e 2083.
LaTeX Encoding Info:    Ignoring declaration for text command \ij (encoding ?) 
on input line 2084.
LaTeX Encoding Info:    Ignoring declaration for text command \IJ (encoding ?) 
on input line 2086.
LaTeX Encoding Info:    Ignoring declaration for text command \SS (encoding ?) 
on input line 2111.
\U@D=\dimen149
\l@unhyphenated=\language90

(/nix/store/ff99w9369azw8z5njzjs1zs86s18znyq-texlive-2025-r78234-final-env-texm
fdist/tex/generic/babel/txtbabel.def)
\bbl@readstream=\read2
\bbl@dirlevel=\count284

(/nix/store/ff99w9369azw8z5njzjs1zs86s18znyq-texlive-2025-r78234-final-env-texm
fdist/tex/generic/babel/locale/pt/babel-brazilian.tex)
Package babel Info: Importing font and identification data for brazilian
(babel)             from babel-pt-BR.ini. Reported on input line 4330.

(/nix/store/ff99w9369azw8z5njzjs1zs86s18znyq-texlive-2025-r78234-final-env-texm
fdist/tex/generic/babel-portuges/brazilian.ldf
Language: portuges 2026/01/24 v1.2u Portuguese support from the babel system
Package babel Info: Hyphen rules for 'brazilian' set to \l@portuguese
(babel)             (\language72). Reported on input line 100.
Package babel Info: Making " an active character on input line 132.
))
(/nix/store/ff99w9369azw8z5njzjs1zs86s18znyq-texlive-2025-r78234-final-env-texm
fdist/tex/latex/lm/lmodern.sty
Package: lmodern 2015/05/01 v1.6.1 Latin Modern Fonts
LaTeX Font Info:    Overwriting symbol font `operators' in version `normal'
(Font)                  OT1/cmr/m/n --> OT1/lmr/m/n on input line 22.
LaTeX Font Info:    Overwriting symbol font `letters' in version `normal'
(Font)                  OML/cmm/m/it --> OML/lmm/m/it on input line 23.
LaTeX Font Info:    Overwriting symbol font `symbols' in version `normal'
(Font)                  OMS/cmsy/m/n --> OMS/lmsy/m/n on input line 24.
LaTeX Font Info:    Overwriting symbol font `largesymbols' in version `normal'
(Font)                  OMX/cmex/m/n --> OMX/lmex/m/n on input line 25.
LaTeX Font Info:    Overwriting symbol font `operators' in version `bold'
(Font)                  OT1/cmr/bx/n --> OT1/lmr/bx/n on input line 26.
LaTeX Font Info:    Overwriting symbol font `letters' in version `bold'
(Font)                  OML/cmm/b/it --> OML/lmm/b/it on input line 27.
LaTeX Font Info:    Overwriting symbol font `symbols' in version `bold'
(Font)                  OMS/cmsy/b/n --> OMS/lmsy/b/n on input line 28.
LaTeX Font Info:    Overwriting symbol font `largesymbols' in version `bold'
(Font)                  OMX/cmex/m/n --> OMX/lmex/m/n on input line 29.
LaTeX Font Info:    Overwriting math alphabet `\mathbf' in version `normal'
(Font)                  OT1/cmr/bx/n --> OT1/lmr/bx/n on input line 31.
LaTeX Font Info:    Overwriting math alphabet `\mathsf' in version `normal'
(Font)                  OT1/cmss/m/n --> OT1/lmss/m/n on input line 32.
LaTeX Font Info:    Overwriting math alphabet `\mathit' in version `normal'
(Font)                  OT1/cmr/m/it --> OT1/lmr/m/it on input line 33.
LaTeX Font Info:    Overwriting math alphabet `\mathtt' in version `normal'
(Font)                  OT1/cmtt/m/n --> OT1/lmtt/m/n on input line 34.
LaTeX Font Info:    Overwriting math alphabet `\mathbf' in version `bold'
(Font)                  OT1/cmr/bx/n --> OT1/lmr/bx/n on input line 35.
LaTeX Font Info:    Overwriting math alphabet `\mathsf' in version `bold'
(Font)                  OT1/cmss/bx/n --> OT1/lmss/bx/n on input line 36.
LaTeX Font Info:    Overwriting math alphabet `\mathit' in version `bold'
(Font)                  OT1/cmr/bx/it --> OT1/lmr/bx/it on input line 37.
LaTeX Font Info:    Overwriting math alphabet `\mathtt' in version `bold'
(Font)                  OT1/cmtt/m/n --> OT1/lmtt/m/n on input line 38.
)
(/nix/store/ff99w9369azw8z5njzjs1zs86s18znyq-texlive-2025-r78234-final-env-texm
fdist/tex/latex/geometry/geometry.sty
Package: geometry 2020/01/02 v5.9 Page Geometry

(/nix/store/ff99w9369azw8z5njzjs1zs86s18znyq-texlive-2025-r78234-final-env-texm
fdist/tex/latex/graphics/keyval.sty
Package: keyval 2022/05/29 v1.15 key=value parser (DPC)
\KV@toks@=\toks19
)
(/nix/store/ff99w9369azw8z5njzjs1zs86s18znyq-texlive-2025-r78234-final-env-texm
fdist/tex/generic/iftex/ifvtex.sty
Package: ifvtex 2019/10/25 v1.7 ifvtex legacy package. Use iftex instead.

(/nix/store/ff99w9369azw8z5njzjs1zs86s18znyq-texlive-2025-r78234-final-env-texm
fdist/tex/generic/iftex/iftex.sty
Package: iftex 2024/12/12 v1.0g TeX engine tests
))
\Gm@cnth=\count285
\Gm@cntv=\count286
\c@Gm@tempcnt=\count287
\Gm@bindingoffset=\dimen150
\Gm@wd@mp=\dimen151
\Gm@odd@mp=\dimen152
\Gm@even@mp=\dimen153
\Gm@layoutwidth=\dimen154
\Gm@layoutheight=\dimen155
\Gm@layouthoffset=\dimen156
\Gm@layoutvoffset=\dimen157
\Gm@dimlist=\toks20
)
(/nix/store/ff99w9369azw8z5njzjs1zs86s18znyq-texlive-2025-r78234-final-env-texm
fdist/tex/latex/microtype/microtype.sty
Package: microtype 2026/03/01 v3.2d Micro-typographical refinements (RS)

(/nix/store/ff99w9369azw8z5njzjs1zs86s18znyq-texlive-2025-r78234-final-env-texm
fdist/tex/latex/etoolbox/etoolbox.sty
Package: etoolbox 2025/10/02 v2.5m e-TeX tools for LaTeX (JAW)
\etb@tempcnta=\count288
)
\MT@toks=\toks21
\MT@tempbox=\box53
\MT@count=\count289
LaTeX Info: Redefining \noprotrusionifhmode on input line 1084.
LaTeX Info: Redefining \leftprotrusion on input line 1085.
\MT@prot@toks=\toks22
LaTeX Info: Redefining \rightprotrusion on input line 1104.
LaTeX Info: Redefining \textls on input line 1449.
\MT@outer@kern=\dimen158
LaTeX Info: Redefining \microtypecontext on input line 2053.
LaTeX Info: Redefining \textmicrotypecontext on input line 2070.
\MT@listname@count=\count290

(/nix/store/ff99w9369azw8z5njzjs1zs86s18znyq-texlive-2025-r78234-final-env-texm
fdist/tex/latex/microtype/microtype-pdftex.def
File: microtype-pdftex.def 2026/03/01 v3.2d Definitions specific to pdftex (RS)

LaTeX Info: Redefining \lsstyle on input line 944.
LaTeX Info: Redefining \lslig on input line 944.
\MT@outer@space=\skip51
)
Package microtype Info: Loading configuration file microtype.cfg.

(/nix/store/ff99w9369azw8z5njzjs1zs86s18znyq-texlive-2025-r78234-final-env-texm
fdist/tex/latex/microtype/microtype.cfg
File: microtype.cfg 2026/03/01 v3.2d microtype main configuration file (RS)
)
LaTeX Info: Redefining \microtypesetup on input line 3065.
)
(/nix/store/ff99w9369azw8z5njzjs1zs86s18znyq-texlive-2025-r78234-final-env-texm
fdist/tex/latex/setspace/setspace.sty
Package: setspace 2022/12/04 v6.7b set line spacing
)
(/nix/store/ff99w9369azw8z5njzjs1zs86s18znyq-texlive-2025-r78234-final-env-texm
fdist/tex/latex/graphics/graphicx.sty
Package: graphicx 2024/12/31 v1.2e Enhanced LaTeX Graphics (DPC,SPQR)

(/nix/store/ff99w9369azw8z5njzjs1zs86s18znyq-texlive-2025-r78234-final-env-texm
fdist/tex/latex/graphics/graphics.sty
Package: graphics 2024/08/06 v1.4g Standard LaTeX Graphics (DPC,SPQR)

(/nix/store/ff99w9369azw8z5njzjs1zs86s18znyq-texlive-2025-r78234-final-env-texm
fdist/tex/latex/graphics/trig.sty
Package: trig 2023/12/02 v1.11 sin cos tan (DPC)
)
(/nix/store/ff99w9369azw8z5njzjs1zs86s18znyq-texlive-2025-r78234-final-env-texm
fdist/tex/latex/graphics-cfg/graphics.cfg
File: graphics.cfg 2016/06/04 v1.11 sample graphics configuration
)
Package graphics Info: Driver file: pdftex.def on input line 106.

(/nix/store/ff99w9369azw8z5njzjs1zs86s18znyq-texlive-2025-r78234-final-env-texm
fdist/tex/latex/graphics-def/pdftex.def
File: pdftex.def 2025/09/29 v1.2d Graphics/color driver for pdftex
))
\Gin@req@height=\dimen159
\Gin@req@width=\dimen160
)
(/nix/store/ff99w9369azw8z5njzjs1zs86s18znyq-texlive-2025-r78234-final-env-texm
fdist/tex/latex/float/float.sty
Package: float 2001/11/08 v1.3d Float enhancements (AL)
\c@float@type=\count291
\float@exts=\toks23
\float@box=\box54
\@float@everytoks=\toks24
\@floatcapt=\box55
)
(/nix/store/ff99w9369azw8z5njzjs1zs86s18znyq-texlive-2025-r78234-final-env-texm
fdist/tex/latex/booktabs/booktabs.sty
Package: booktabs 2020/01/12 v1.61803398 Publication quality tables
\heavyrulewidth=\dimen161
\lightrulewidth=\dimen162
\cmidrulewidth=\dimen163
\belowrulesep=\dimen164
\belowbottomsep=\dimen165
\aboverulesep=\dimen166
\abovetopsep=\dimen167
\cmidrulesep=\dimen168
\cmidrulekern=\dimen169
\defaultaddspace=\dimen170
\@cmidla=\count292
\@cmidlb=\count293
\@aboverulesep=\dimen171
\@belowrulesep=\dimen172
\@thisruleclass=\count294
\@lastruleclass=\count295
\@thisrulewidth=\dimen173
)
(/nix/store/ff99w9369azw8z5njzjs1zs86s18znyq-texlive-2025-r78234-final-env-texm
fdist/tex/latex/tools/longtable.sty
Package: longtable 2025-10-13 v4.24 Multi-page Table package (DPC)
\LTleft=\skip52
\LTright=\skip53
\LTpre=\skip54
\LTpost=\skip55
\LTchunksize=\count296
\LTcapwidth=\dimen174
\LT@head=\box56
\LT@firsthead=\box57
\LT@foot=\box58
\LT@lastfoot=\box59
\LT@gbox=\box60
\LT@cols=\count297
\LT@rows=\count298
\c@LT@tables=\count299
\c@LT@chunks=\count300
\LT@p@ftn=\toks25
)
(/nix/store/ff99w9369azw8z5njzjs1zs86s18znyq-texlive-2025-r78234-final-env-texm
fdist/tex/latex/tools/array.sty
Package: array 2025/09/25 v2.6n Tabular extension package (FMi)
\col@sep=\dimen175
\ar@mcellbox=\box61
\extrarowheight=\dimen176
\NC@list=\toks26
\extratabsurround=\skip56
\backup@length=\skip57
\ar@cellbox=\box62
)
(/nix/store/ff99w9369azw8z5njzjs1zs86s18znyq-texlive-2025-r78234-final-env-texm
fdist/tex/latex/tools/tabularx.sty
Package: tabularx 2023/12/11 v2.12a `tabularx' package (DPC)
\TX@col@width=\dimen177
\TX@old@table=\dimen178
\TX@old@col=\dimen179
\TX@target=\dimen180
\TX@delta=\dimen181
\TX@cols=\count301
\TX@ftn=\toks27
)
(/nix/store/ff99w9369azw8z5njzjs1zs86s18znyq-texlive-2025-r78234-final-env-texm
fdist/tex/latex/enumitem/enumitem.sty
Package: enumitem 2025/02/06 v3.11 Customized lists
\labelindent=\skip58
\enit@outerparindent=\dimen182
\enit@toks=\toks28
\enit@inbox=\box63
\enit@count@id=\count302
\enitdp@description=\count303
)
(/nix/store/ff99w9369azw8z5njzjs1zs86s18znyq-texlive-2025-r78234-final-env-texm
fdist/tex/latex/xcolor/xcolor.sty
Package: xcolor 2024/09/29 v3.02 LaTeX color extensions (UK)

(/nix/store/ff99w9369azw8z5njzjs1zs86s18znyq-texlive-2025-r78234-final-env-texm
fdist/tex/latex/graphics-cfg/color.cfg
File: color.cfg 2016/01/02 v1.6 sample color configuration
)
Package xcolor Info: Driver file: pdftex.def on input line 274.

(/nix/store/ff99w9369azw8z5njzjs1zs86s18znyq-texlive-2025-r78234-final-env-texm
fdist/tex/latex/graphics/mathcolor.ltx)
Package xcolor Info: Model `cmy' substituted by `cmy0' on input line 1349.
Package xcolor Info: Model `hsb' substituted by `rgb' on input line 1353.
Package xcolor Info: Model `RGB' extended on input line 1365.
Package xcolor Info: Model `HTML' substituted by `rgb' on input line 1367.
Package xcolor Info: Model `Hsb' substituted by `hsb' on input line 1368.
Package xcolor Info: Model `tHsb' substituted by `hsb' on input line 1369.
Package xcolor Info: Model `HSB' substituted by `hsb' on input line 1370.
Package xcolor Info: Model `Gray' substituted by `gray' on input line 1371.
Package xcolor Info: Model `wave' substituted by `hsb' on input line 1372.
)
(/nix/store/ff99w9369azw8z5njzjs1zs86s18znyq-texlive-2025-r78234-final-env-texm
fdist/tex/latex/hyperref/hyperref.sty
Package: hyperref 2026-01-29 v7.01p Hypertext links for LaTeX

(/nix/store/ff99w9369azw8z5njzjs1zs86s18znyq-texlive-2025-r78234-final-env-texm
fdist/tex/latex/kvsetkeys/kvsetkeys.sty
Package: kvsetkeys 2022-10-05 v1.19 Key value parser (HO)
)
(/nix/store/ff99w9369azw8z5njzjs1zs86s18znyq-texlive-2025-r78234-final-env-texm
fdist/tex/generic/kvdefinekeys/kvdefinekeys.sty
Package: kvdefinekeys 2019-12-19 v1.6 Define keys (HO)
)
(/nix/store/ff99w9369azw8z5njzjs1zs86s18znyq-texlive-2025-r78234-final-env-texm
fdist/tex/generic/pdfescape/pdfescape.sty
Package: pdfescape 2019/12/09 v1.15 Implements pdfTeX's escape features (HO)

(/nix/store/ff99w9369azw8z5njzjs1zs86s18znyq-texlive-2025-r78234-final-env-texm
fdist/tex/generic/ltxcmds/ltxcmds.sty
Package: ltxcmds 2023-12-04 v1.26 LaTeX kernel commands for general use (HO)
)
(/nix/store/ff99w9369azw8z5njzjs1zs86s18znyq-texlive-2025-r78234-final-env-texm
fdist/tex/generic/pdftexcmds/pdftexcmds.sty
Package: pdftexcmds 2020-06-27 v0.33 Utility functions of pdfTeX for LuaTeX (HO
)

(/nix/store/ff99w9369azw8z5njzjs1zs86s18znyq-texlive-2025-r78234-final-env-texm
fdist/tex/generic/infwarerr/infwarerr.sty
Package: infwarerr 2019/12/03 v1.5 Providing info/warning/error messages (HO)
)
Package pdftexcmds Info: \pdf@primitive is available.
Package pdftexcmds Info: \pdf@ifprimitive is available.
Package pdftexcmds Info: \pdfdraftmode found.
))
(/nix/store/ff99w9369azw8z5njzjs1zs86s18znyq-texlive-2025-r78234-final-env-texm
fdist/tex/latex/hycolor/hycolor.sty
Package: hycolor 2020-01-27 v1.10 Color options for hyperref/bookmark (HO)
)
(/nix/store/ff99w9369azw8z5njzjs1zs86s18znyq-texlive-2025-r78234-final-env-texm
fdist/tex/latex/hyperref/nameref.sty
Package: nameref 2026-01-29 v2.58 Cross-referencing by name of section

(/nix/store/ff99w9369azw8z5njzjs1zs86s18znyq-texlive-2025-r78234-final-env-texm
fdist/tex/latex/refcount/refcount.sty
Package: refcount 2019/12/15 v3.6 Data extraction from label references (HO)
)
(/nix/store/ff99w9369azw8z5njzjs1zs86s18znyq-texlive-2025-r78234-final-env-texm
fdist/tex/generic/gettitlestring/gettitlestring.sty
Package: gettitlestring 2019/12/15 v1.6 Cleanup title references (HO)

(/nix/store/ff99w9369azw8z5njzjs1zs86s18znyq-texlive-2025-r78234-final-env-texm
fdist/tex/latex/kvoptions/kvoptions.sty
Package: kvoptions 2022-06-15 v3.15 Key value format for package options (HO)
))
\c@section@level=\count304
)
(/nix/store/ff99w9369azw8z5njzjs1zs86s18znyq-texlive-2025-r78234-final-env-texm
fdist/tex/generic/stringenc/stringenc.sty
Package: stringenc 2019/11/29 v1.12 Convert strings between diff. encodings (HO
)
)
\@linkdim=\dimen183
\Hy@linkcounter=\count305
\Hy@pagecounter=\count306

(/nix/store/ff99w9369azw8z5njzjs1zs86s18znyq-texlive-2025-r78234-final-env-texm
fdist/tex/latex/hyperref/pd1enc.def
File: pd1enc.def 2026-01-29 v7.01p Hyperref: PDFDocEncoding definition (HO)
Now handling font encoding PD1 ...
... no UTF-8 mapping file for font encoding PD1
)
(/nix/store/ff99w9369azw8z5njzjs1zs86s18znyq-texlive-2025-r78234-final-env-texm
fdist/tex/generic/intcalc/intcalc.sty
Package: intcalc 2019/12/15 v1.3 Expandable calculations with integers (HO)
)
\Hy@SavedSpaceFactor=\count307

(/nix/store/ff99w9369azw8z5njzjs1zs86s18znyq-texlive-2025-r78234-final-env-texm
fdist/tex/latex/hyperref/puenc.def
File: puenc.def 2026-01-29 v7.01p Hyperref: PDF Unicode definition (HO)
Now handling font encoding PU ...
... no UTF-8 mapping file for font encoding PU
)
Package hyperref Info: Hyper figures OFF on input line 4201.
Package hyperref Info: Link nesting OFF on input line 4206.
Package hyperref Info: Hyper index ON on input line 4209.
Package hyperref Info: Plain pages OFF on input line 4216.
Package hyperref Info: Backreferencing OFF on input line 4221.
Package hyperref Info: Implicit mode ON; LaTeX internals redefined.
Package hyperref Info: Bookmarks ON on input line 4468.
\c@Hy@tempcnt=\count308

(/nix/store/ff99w9369azw8z5njzjs1zs86s18znyq-texlive-2025-r78234-final-env-texm
fdist/tex/latex/url/url.sty
\Urlmuskip=\muskip17
Package: url 2013/09/16  ver 3.4  Verb mode for urls, etc.
)
LaTeX Info: Redefining \url on input line 4807.
\XeTeXLinkMargin=\dimen184

(/nix/store/ff99w9369azw8z5njzjs1zs86s18znyq-texlive-2025-r78234-final-env-texm
fdist/tex/generic/bitset/bitset.sty
Package: bitset 2019/12/09 v1.3 Handle bit-vector datatype (HO)

(/nix/store/ff99w9369azw8z5njzjs1zs86s18znyq-texlive-2025-r78234-final-env-texm
fdist/tex/generic/bigintcalc/bigintcalc.sty
Package: bigintcalc 2019/12/15 v1.5 Expandable calculations on big integers (HO
)
))
\Fld@menulength=\count309
\Field@Width=\dimen185
\Fld@charsize=\dimen186
Package hyperref Info: Hyper figures OFF on input line 6084.
Package hyperref Info: Link nesting OFF on input line 6089.
Package hyperref Info: Hyper index ON on input line 6092.
Package hyperref Info: backreferencing OFF on input line 6099.
Package hyperref Info: Link coloring OFF on input line 6104.
Package hyperref Info: Link coloring with OCG OFF on input line 6109.
Package hyperref Info: PDF/A mode OFF on input line 6114.
\Hy@abspage=\count310
\c@Item=\count311
\c@Hfootnote=\count312
)
Package hyperref Info: Driver (autodetected): hpdftex.

(/nix/store/ff99w9369azw8z5njzjs1zs86s18znyq-texlive-2025-r78234-final-env-texm
fdist/tex/latex/hyperref/hpdftex.def
File: hpdftex.def 2026-01-29 v7.01p Hyperref driver for pdfTeX
\Fld@listcount=\count313
\c@bookmark@seq@number=\count314

(/nix/store/ff99w9369azw8z5njzjs1zs86s18znyq-texlive-2025-r78234-final-env-texm
fdist/tex/latex/rerunfilecheck/rerunfilecheck.sty
Package: rerunfilecheck 2025-06-21 v1.11 Rerun checks for auxiliary files (HO)

(/nix/store/ff99w9369azw8z5njzjs1zs86s18znyq-texlive-2025-r78234-final-env-texm
fdist/tex/generic/uniquecounter/uniquecounter.sty
Package: uniquecounter 2019/12/15 v1.4 Provide unlimited unique counter (HO)
)
Package uniquecounter Info: New unique counter `rerunfilecheck' on input line 2
84.
)
\Hy@SectionHShift=\skip59
)
(/nix/store/ff99w9369azw8z5njzjs1zs86s18znyq-texlive-2025-r78234-final-env-texm
fdist/tex/latex/bookmark/bookmark.sty
Package: bookmark 2023-12-10 v1.31 PDF bookmarks (HO)

(/nix/store/ff99w9369azw8z5njzjs1zs86s18znyq-texlive-2025-r78234-final-env-texm
fdist/tex/latex/bookmark/bkm-pdftex.def
File: bkm-pdftex.def 2023-12-10 v1.31 bookmark driver for pdfTeX and luaTeX (HO
)
\BKM@id=\count315
))
(/nix/store/ff99w9369azw8z5njzjs1zs86s18znyq-texlive-2025-r78234-final-env-texm
fdist/tex/latex/listings/listings.sty
\lst@mode=\count316
\lst@gtempboxa=\box64
\lst@token=\toks29
\lst@length=\count317
\lst@currlwidth=\dimen187
\lst@column=\count318
\lst@pos=\count319
\lst@lostspace=\dimen188
\lst@width=\dimen189
\lst@newlines=\count320
\lst@lineno=\count321
\lst@maxwidth=\dimen190

(/nix/store/ff99w9369azw8z5njzjs1zs86s18znyq-texlive-2025-r78234-final-env-texm
fdist/tex/latex/listings/lstpatch.sty
File: lstpatch.sty 2025/11/14 1.11b (Carsten Heinz)
)
(/nix/store/ff99w9369azw8z5njzjs1zs86s18znyq-texlive-2025-r78234-final-env-texm
fdist/tex/latex/listings/lstmisc.sty
File: lstmisc.sty 2025/11/14 1.11b (Carsten Heinz)
\c@lstnumber=\count322
\lst@skipnumbers=\count323
\lst@framebox=\box65
)
(/nix/store/ff99w9369azw8z5njzjs1zs86s18znyq-texlive-2025-r78234-final-env-texm
fdist/tex/latex/listings/listings.cfg
File: listings.cfg 2025/11/14 1.11b listings configuration
))
Package: listings 2025/11/14 1.11b (Carsten Heinz)

==> First Aid for listings.sty no longer applied!
    Expected:
        2024/09/23 1.10c (Carsten Heinz)
    but found:
        2025/11/14 1.11b (Carsten Heinz)
    so I'm assuming it got fixed.

(/nix/store/ff99w9369azw8z5njzjs1zs86s18znyq-texlive-2025-r78234-final-env-texm
fdist/tex/latex/amsmath/amsmath.sty
Package: amsmath 2025/07/09 v2.17z AMS math features
\@mathmargin=\skip60

For additional information on amsmath, use the `?' option.

(/nix/store/ff99w9369azw8z5njzjs1zs86s18znyq-texlive-2025-r78234-final-env-texm
fdist/tex/latex/amsmath/amstext.sty
Package: amstext 2024/11/17 v2.01 AMS text

(/nix/store/ff99w9369azw8z5njzjs1zs86s18znyq-texlive-2025-r78234-final-env-texm
fdist/tex/latex/amsmath/amsgen.sty
File: amsgen.sty 1999/11/30 v2.0 generic functions
\@emptytoks=\toks30
\ex@=\dimen191
))
(/nix/store/ff99w9369azw8z5njzjs1zs86s18znyq-texlive-2025-r78234-final-env-texm
fdist/tex/latex/amsmath/amsbsy.sty
Package: amsbsy 1999/11/29 v1.2d Bold Symbols
\pmbraise@=\dimen192
)
(/nix/store/ff99w9369azw8z5njzjs1zs86s18znyq-texlive-2025-r78234-final-env-texm
fdist/tex/latex/amsmath/amsopn.sty
Package: amsopn 2022/04/08 v2.04 operator names
)
\inf@bad=\count324
LaTeX Info: Redefining \frac on input line 233.
\uproot@=\count325
\leftroot@=\count326
LaTeX Info: Redefining \overline on input line 398.
LaTeX Info: Redefining \colon on input line 409.
\classnum@=\count327
\DOTSCASE@=\count328
LaTeX Info: Redefining \ldots on input line 495.
LaTeX Info: Redefining \dots on input line 498.
LaTeX Info: Redefining \cdots on input line 619.
\Mathstrutbox@=\box66
\strutbox@=\box67
LaTeX Info: Redefining \big on input line 721.
LaTeX Info: Redefining \Big on input line 722.
LaTeX Info: Redefining \bigg on input line 723.
LaTeX Info: Redefining \Bigg on input line 724.
\big@size=\dimen193
LaTeX Font Info:    Redeclaring font encoding OML on input line 742.
LaTeX Font Info:    Redeclaring font encoding OMS on input line 743.
\macc@depth=\count329
LaTeX Info: Redefining \bmod on input line 904.
LaTeX Info: Redefining \pmod on input line 909.
LaTeX Info: Redefining \smash on input line 939.
LaTeX Info: Redefining \relbar on input line 969.
LaTeX Info: Redefining \Relbar on input line 970.
\c@MaxMatrixCols=\count330
\dotsspace@=\muskip18
\c@parentequation=\count331
\dspbrk@lvl=\count332
\tag@help=\toks31
\row@=\count333
\column@=\count334
\maxfields@=\count335
\andhelp@=\toks32
\eqnshift@=\dimen194
\alignsep@=\dimen195
\tagshift@=\dimen196
\tagwidth@=\dimen197
\totwidth@=\dimen198
\lineht@=\dimen199
\@envbody=\toks33
\multlinegap=\skip61
\multlinetaggap=\skip62
\mathdisplay@stack=\toks34
LaTeX Info: Redefining \[ on input line 2950.
LaTeX Info: Redefining \] on input line 2951.
)
(/nix/store/ff99w9369azw8z5njzjs1zs86s18znyq-texlive-2025-r78234-final-env-texm
fdist/tex/latex/amsfonts/amssymb.sty
Package: amssymb 2013/01/14 v3.01 AMS font symbols

(/nix/store/ff99w9369azw8z5njzjs1zs86s18znyq-texlive-2025-r78234-final-env-texm
fdist/tex/latex/amsfonts/amsfonts.sty
Package: amsfonts 2013/01/14 v3.01 Basic AMSFonts support
\symAMSa=\mathgroup4
\symAMSb=\mathgroup5
LaTeX Font Info:    Redeclaring math symbol \hbar on input line 98.
LaTeX Font Info:    Overwriting math alphabet `\mathfrak' in version `bold'
(Font)                  U/euf/m/n --> U/euf/b/n on input line 106.
))
(/nix/store/ff99w9369azw8z5njzjs1zs86s18znyq-texlive-2025-r78234-final-env-texm
fdist/tex/latex/fancyhdr/fancyhdr.sty
Package: fancyhdr 2025/02/07 v5.2 Extensive control of page headers and footers

\f@nch@headwidth=\skip63
\f@nch@offset@elh=\skip64
\f@nch@offset@erh=\skip65
\f@nch@offset@olh=\skip66
\f@nch@offset@orh=\skip67
\f@nch@offset@elf=\skip68
\f@nch@offset@erf=\skip69
\f@nch@offset@olf=\skip70
\f@nch@offset@orf=\skip71
\f@nch@height=\skip72
\f@nch@footalignment=\skip73
\f@nch@widthL=\skip74
\f@nch@widthC=\skip75
\f@nch@widthR=\skip76
\@temptokenb=\toks35
)
(/nix/store/ff99w9369azw8z5njzjs1zs86s18znyq-texlive-2025-r78234-final-env-texm
fdist/tex/latex/lastpage/lastpage.sty
Package: lastpage 2025/08/14 v2.1h lastpage: 2.09 or 2e? (HMM)

(/nix/store/ff99w9369azw8z5njzjs1zs86s18znyq-texlive-2025-r78234-final-env-texm
fdist/tex/latex/lastpage/lastpage2e.sty
Package: lastpage2e 2025/08/14 v2.1h Decide which 2e lastpage version to use (H
MM)

(/nix/store/ff99w9369azw8z5njzjs1zs86s18znyq-texlive-2025-r78234-final-env-texm
fdist/tex/latex/lastpage/lastpagemodern.sty
Package: lastpagemodern 2025-08-14 v2.1h Refers to last page's name (HMM; JPG)
\c@lastpagecount=\count336
) 
))
Package hyperref Info: Option `colorlinks' set `true' on input line 95.

(/nix/store/ff99w9369azw8z5njzjs1zs86s18znyq-texlive-2025-r78234-final-env-texm
fdist/tex/latex/tcolorbox/tcolorbox.sty
Package: tcolorbox 2025/11/28 version 6.9.0 text color boxes

(/nix/store/ff99w9369azw8z5njzjs1zs86s18znyq-texlive-2025-r78234-final-env-texm
fdist/tex/latex/pgf/frontendlayer/tikz.sty
(/nix/store/ff99w9369azw8z5njzjs1zs86s18znyq-texlive-2025-r78234-final-env-texm
fdist/tex/latex/pgf/basiclayer/pgf.sty
(/nix/store/ff99w9369azw8z5njzjs1zs86s18znyq-texlive-2025-r78234-final-env-texm
fdist/tex/latex/pgf/utilities/pgfrcs.sty
(/nix/store/ff99w9369azw8z5njzjs1zs86s18znyq-texlive-2025-r78234-final-env-texm
fdist/tex/generic/pgf/utilities/pgfutil-common.tex
\pgfutil@everybye=\toks36
\pgfutil@tempdima=\dimen256
\pgfutil@tempdimb=\dimen257
)
(/nix/store/ff99w9369azw8z5njzjs1zs86s18znyq-texlive-2025-r78234-final-env-texm
fdist/tex/generic/pgf/utilities/pgfutil-latex.def
\pgfutil@abb=\box68
)
(/nix/store/ff99w9369azw8z5njzjs1zs86s18znyq-texlive-2025-r78234-final-env-texm
fdist/tex/generic/pgf/utilities/pgfrcs.code.tex
(/nix/store/ff99w9369azw8z5njzjs1zs86s18znyq-texlive-2025-r78234-final-env-texm
fdist/tex/generic/pgf/pgf.revision.tex)
Package: pgfrcs 2025-08-29 v3.1.11a (3.1.11a)
))
Package: pgf 2025-08-29 v3.1.11a (3.1.11a)

(/nix/store/ff99w9369azw8z5njzjs1zs86s18znyq-texlive-2025-r78234-final-env-texm
fdist/tex/latex/pgf/basiclayer/pgfcore.sty
(/nix/store/ff99w9369azw8z5njzjs1zs86s18znyq-texlive-2025-r78234-final-env-texm
fdist/tex/latex/pgf/systemlayer/pgfsys.sty
(/nix/store/ff99w9369azw8z5njzjs1zs86s18znyq-texlive-2025-r78234-final-env-texm
fdist/tex/generic/pgf/systemlayer/pgfsys.code.tex
Package: pgfsys 2025-08-29 v3.1.11a (3.1.11a)

(/nix/store/ff99w9369azw8z5njzjs1zs86s18znyq-texlive-2025-r78234-final-env-texm
fdist/tex/generic/pgf/utilities/pgfkeys.code.tex
\pgfkeys@pathtoks=\toks37
\pgfkeys@temptoks=\toks38

(/nix/store/ff99w9369azw8z5njzjs1zs86s18znyq-texlive-2025-r78234-final-env-texm
fdist/tex/generic/pgf/utilities/pgfkeyslibraryfiltered.code.tex
\pgfkeys@tmptoks=\toks39
))
\pgf@x=\dimen258
\pgf@y=\dimen259
\pgf@xa=\dimen260
\pgf@ya=\dimen261
\pgf@xb=\dimen262
\pgf@yb=\dimen263
\pgf@xc=\dimen264
\pgf@yc=\dimen265
\pgf@xd=\dimen266
\pgf@yd=\dimen267
\w@pgf@writea=\write3
\r@pgf@reada=\read3
\c@pgf@counta=\count337
\c@pgf@countb=\count338
\c@pgf@countc=\count339
\c@pgf@countd=\count340
\t@pgf@toka=\toks40
\t@pgf@tokb=\toks41
\t@pgf@tokc=\toks42
\pgf@sys@id@count=\count341

(/nix/store/ff99w9369azw8z5njzjs1zs86s18znyq-texlive-2025-r78234-final-env-texm
fdist/tex/generic/pgf/systemlayer/pgf.cfg
File: pgf.cfg 2025-08-29 v3.1.11a (3.1.11a)
)
Driver file for pgf: pgfsys-pdftex.def

(/nix/store/ff99w9369azw8z5njzjs1zs86s18znyq-texlive-2025-r78234-final-env-texm
fdist/tex/generic/pgf/systemlayer/pgfsys-pdftex.def
File: pgfsys-pdftex.def 2025-08-29 v3.1.11a (3.1.11a)

(/nix/store/ff99w9369azw8z5njzjs1zs86s18znyq-texlive-2025-r78234-final-env-texm
fdist/tex/generic/pgf/systemlayer/pgfsys-common-pdf.def
File: pgfsys-common-pdf.def 2025-08-29 v3.1.11a (3.1.11a)
)))
(/nix/store/ff99w9369azw8z5njzjs1zs86s18znyq-texlive-2025-r78234-final-env-texm
fdist/tex/generic/pgf/systemlayer/pgfsyssoftpath.code.tex
File: pgfsyssoftpath.code.tex 2025-08-29 v3.1.11a (3.1.11a)
\pgfsyssoftpath@smallbuffer@items=\count342
\pgfsyssoftpath@bigbuffer@items=\count343
)
(/nix/store/ff99w9369azw8z5njzjs1zs86s18znyq-texlive-2025-r78234-final-env-texm
fdist/tex/generic/pgf/systemlayer/pgfsysprotocol.code.tex
File: pgfsysprotocol.code.tex 2025-08-29 v3.1.11a (3.1.11a)
))
(/nix/store/ff99w9369azw8z5njzjs1zs86s18znyq-texlive-2025-r78234-final-env-texm
fdist/tex/generic/pgf/basiclayer/pgfcore.code.tex
Package: pgfcore 2025-08-29 v3.1.11a (3.1.11a)

(/nix/store/ff99w9369azw8z5njzjs1zs86s18znyq-texlive-2025-r78234-final-env-texm
fdist/tex/generic/pgf/math/pgfmath.code.tex
(/nix/store/ff99w9369azw8z5njzjs1zs86s18znyq-texlive-2025-r78234-final-env-texm
fdist/tex/generic/pgf/math/pgfmathutil.code.tex)
(/nix/store/ff99w9369azw8z5njzjs1zs86s18znyq-texlive-2025-r78234-final-env-texm
fdist/tex/generic/pgf/math/pgfmathparser.code.tex
\pgfmath@dimen=\dimen268
\pgfmath@count=\count344
\pgfmath@box=\box69
\pgfmath@toks=\toks43
\pgfmath@stack@operand=\toks44
\pgfmath@stack@operation=\toks45
)
(/nix/store/ff99w9369azw8z5njzjs1zs86s18znyq-texlive-2025-r78234-final-env-texm
fdist/tex/generic/pgf/math/pgfmathfunctions.code.tex)
(/nix/store/ff99w9369azw8z5njzjs1zs86s18znyq-texlive-2025-r78234-final-env-texm
fdist/tex/generic/pgf/math/pgfmathfunctions.basic.code.tex)
(/nix/store/ff99w9369azw8z5njzjs1zs86s18znyq-texlive-2025-r78234-final-env-texm
fdist/tex/generic/pgf/math/pgfmathfunctions.trigonometric.code.tex)
(/nix/store/ff99w9369azw8z5njzjs1zs86s18znyq-texlive-2025-r78234-final-env-texm
fdist/tex/generic/pgf/math/pgfmathfunctions.random.code.tex)
(/nix/store/ff99w9369azw8z5njzjs1zs86s18znyq-texlive-2025-r78234-final-env-texm
fdist/tex/generic/pgf/math/pgfmathfunctions.comparison.code.tex)
(/nix/store/ff99w9369azw8z5njzjs1zs86s18znyq-texlive-2025-r78234-final-env-texm
fdist/tex/generic/pgf/math/pgfmathfunctions.base.code.tex)
(/nix/store/ff99w9369azw8z5njzjs1zs86s18znyq-texlive-2025-r78234-final-env-texm
fdist/tex/generic/pgf/math/pgfmathfunctions.round.code.tex)
(/nix/store/ff99w9369azw8z5njzjs1zs86s18znyq-texlive-2025-r78234-final-env-texm
fdist/tex/generic/pgf/math/pgfmathfunctions.misc.code.tex)
(/nix/store/ff99w9369azw8z5njzjs1zs86s18znyq-texlive-2025-r78234-final-env-texm
fdist/tex/generic/pgf/math/pgfmathfunctions.integerarithmetics.code.tex)
(/nix/store/ff99w9369azw8z5njzjs1zs86s18znyq-texlive-2025-r78234-final-env-texm
fdist/tex/generic/pgf/math/pgfmathcalc.code.tex)
(/nix/store/ff99w9369azw8z5njzjs1zs86s18znyq-texlive-2025-r78234-final-env-texm
fdist/tex/generic/pgf/math/pgfmathfloat.code.tex
\c@pgfmathroundto@lastzeros=\count345
))
(/nix/store/ff99w9369azw8z5njzjs1zs86s18znyq-texlive-2025-r78234-final-env-texm
fdist/tex/generic/pgf/math/pgfint.code.tex)
(/nix/store/ff99w9369azw8z5njzjs1zs86s18znyq-texlive-2025-r78234-final-env-texm
fdist/tex/generic/pgf/basiclayer/pgfcorepoints.code.tex
File: pgfcorepoints.code.tex 2025-08-29 v3.1.11a (3.1.11a)
\pgf@picminx=\dimen269
\pgf@picmaxx=\dimen270
\pgf@picminy=\dimen271
\pgf@picmaxy=\dimen272
\pgf@pathminx=\dimen273
\pgf@pathmaxx=\dimen274
\pgf@pathminy=\dimen275
\pgf@pathmaxy=\dimen276
\pgf@xx=\dimen277
\pgf@xy=\dimen278
\pgf@yx=\dimen279
\pgf@yy=\dimen280
\pgf@zx=\dimen281
\pgf@zy=\dimen282
)
(/nix/store/ff99w9369azw8z5njzjs1zs86s18znyq-texlive-2025-r78234-final-env-texm
fdist/tex/generic/pgf/basiclayer/pgfcorepathconstruct.code.tex
File: pgfcorepathconstruct.code.tex 2025-08-29 v3.1.11a (3.1.11a)
\pgf@path@lastx=\dimen283
\pgf@path@lasty=\dimen284
)
(/nix/store/ff99w9369azw8z5njzjs1zs86s18znyq-texlive-2025-r78234-final-env-texm
fdist/tex/generic/pgf/basiclayer/pgfcorepathusage.code.tex
File: pgfcorepathusage.code.tex 2025-08-29 v3.1.11a (3.1.11a)
\pgf@shorten@end@additional=\dimen285
\pgf@shorten@start@additional=\dimen286
)
(/nix/store/ff99w9369azw8z5njzjs1zs86s18znyq-texlive-2025-r78234-final-env-texm
fdist/tex/generic/pgf/basiclayer/pgfcorescopes.code.tex
File: pgfcorescopes.code.tex 2025-08-29 v3.1.11a (3.1.11a)
\pgfpic=\box70
\pgf@hbox=\box71
\pgf@layerbox@main=\box72
\pgf@picture@serial@count=\count346
)
(/nix/store/ff99w9369azw8z5njzjs1zs86s18znyq-texlive-2025-r78234-final-env-texm
fdist/tex/generic/pgf/basiclayer/pgfcoregraphicstate.code.tex
File: pgfcoregraphicstate.code.tex 2025-08-29 v3.1.11a (3.1.11a)
\pgflinewidth=\dimen287
)
(/nix/store/ff99w9369azw8z5njzjs1zs86s18znyq-texlive-2025-r78234-final-env-texm
fdist/tex/generic/pgf/basiclayer/pgfcoretransformations.code.tex
File: pgfcoretransformations.code.tex 2025-08-29 v3.1.11a (3.1.11a)
\pgf@pt@x=\dimen288
\pgf@pt@y=\dimen289
\pgf@pt@temp=\dimen290
)
(/nix/store/ff99w9369azw8z5njzjs1zs86s18znyq-texlive-2025-r78234-final-env-texm
fdist/tex/generic/pgf/basiclayer/pgfcorequick.code.tex
File: pgfcorequick.code.tex 2025-08-29 v3.1.11a (3.1.11a)
)
(/nix/store/ff99w9369azw8z5njzjs1zs86s18znyq-texlive-2025-r78234-final-env-texm
fdist/tex/generic/pgf/basiclayer/pgfcoreobjects.code.tex
File: pgfcoreobjects.code.tex 2025-08-29 v3.1.11a (3.1.11a)
)
(/nix/store/ff99w9369azw8z5njzjs1zs86s18znyq-texlive-2025-r78234-final-env-texm
fdist/tex/generic/pgf/basiclayer/pgfcorepathprocessing.code.tex
File: pgfcorepathprocessing.code.tex 2025-08-29 v3.1.11a (3.1.11a)
)
(/nix/store/ff99w9369azw8z5njzjs1zs86s18znyq-texlive-2025-r78234-final-env-texm
fdist/tex/generic/pgf/basiclayer/pgfcorearrows.code.tex
File: pgfcorearrows.code.tex 2025-08-29 v3.1.11a (3.1.11a)
\pgfarrowsep=\dimen291
)
(/nix/store/ff99w9369azw8z5njzjs1zs86s18znyq-texlive-2025-r78234-final-env-texm
fdist/tex/generic/pgf/basiclayer/pgfcoreshade.code.tex
File: pgfcoreshade.code.tex 2025-08-29 v3.1.11a (3.1.11a)
\pgf@max=\dimen292
\pgf@sys@shading@range@num=\count347
\pgf@shadingcount=\count348
)
(/nix/store/ff99w9369azw8z5njzjs1zs86s18znyq-texlive-2025-r78234-final-env-texm
fdist/tex/generic/pgf/basiclayer/pgfcoreimage.code.tex
File: pgfcoreimage.code.tex 2025-08-29 v3.1.11a (3.1.11a)
)
(/nix/store/ff99w9369azw8z5njzjs1zs86s18znyq-texlive-2025-r78234-final-env-texm
fdist/tex/generic/pgf/basiclayer/pgfcoreexternal.code.tex
File: pgfcoreexternal.code.tex 2025-08-29 v3.1.11a (3.1.11a)
\pgfexternal@startupbox=\box73
)
(/nix/store/ff99w9369azw8z5njzjs1zs86s18znyq-texlive-2025-r78234-final-env-texm
fdist/tex/generic/pgf/basiclayer/pgfcorelayers.code.tex
File: pgfcorelayers.code.tex 2025-08-29 v3.1.11a (3.1.11a)
)
(/nix/store/ff99w9369azw8z5njzjs1zs86s18znyq-texlive-2025-r78234-final-env-texm
fdist/tex/generic/pgf/basiclayer/pgfcoretransparency.code.tex
File: pgfcoretransparency.code.tex 2025-08-29 v3.1.11a (3.1.11a)
)
(/nix/store/ff99w9369azw8z5njzjs1zs86s18znyq-texlive-2025-r78234-final-env-texm
fdist/tex/generic/pgf/basiclayer/pgfcorepatterns.code.tex
File: pgfcorepatterns.code.tex 2025-08-29 v3.1.11a (3.1.11a)
)
(/nix/store/ff99w9369azw8z5njzjs1zs86s18znyq-texlive-2025-r78234-final-env-texm
fdist/tex/generic/pgf/basiclayer/pgfcorerdf.code.tex
File: pgfcorerdf.code.tex 2025-08-29 v3.1.11a (3.1.11a)
)))
(/nix/store/ff99w9369azw8z5njzjs1zs86s18znyq-texlive-2025-r78234-final-env-texm
fdist/tex/generic/pgf/modules/pgfmoduleshapes.code.tex
File: pgfmoduleshapes.code.tex 2025-08-29 v3.1.11a (3.1.11a)
\pgfnodeparttextbox=\box74
)
(/nix/store/ff99w9369azw8z5njzjs1zs86s18znyq-texlive-2025-r78234-final-env-texm
fdist/tex/generic/pgf/modules/pgfmoduleplot.code.tex
File: pgfmoduleplot.code.tex 2025-08-29 v3.1.11a (3.1.11a)
)
(/nix/store/ff99w9369azw8z5njzjs1zs86s18znyq-texlive-2025-r78234-final-env-texm
fdist/tex/latex/pgf/compatibility/pgfcomp-version-0-65.sty
Package: pgfcomp-version-0-65 2025-08-29 v3.1.11a (3.1.11a)
\pgf@nodesepstart=\dimen293
\pgf@nodesepend=\dimen294
)
(/nix/store/ff99w9369azw8z5njzjs1zs86s18znyq-texlive-2025-r78234-final-env-texm
fdist/tex/latex/pgf/compatibility/pgfcomp-version-1-18.sty
Package: pgfcomp-version-1-18 2025-08-29 v3.1.11a (3.1.11a)
))
(/nix/store/ff99w9369azw8z5njzjs1zs86s18znyq-texlive-2025-r78234-final-env-texm
fdist/tex/latex/pgf/utilities/pgffor.sty
(/nix/store/ff99w9369azw8z5njzjs1zs86s18znyq-texlive-2025-r78234-final-env-texm
fdist/tex/latex/pgf/utilities/pgfkeys.sty
(/nix/store/ff99w9369azw8z5njzjs1zs86s18znyq-texlive-2025-r78234-final-env-texm
fdist/tex/generic/pgf/utilities/pgfkeys.code.tex))
(/nix/store/ff99w9369azw8z5njzjs1zs86s18znyq-texlive-2025-r78234-final-env-texm
fdist/tex/latex/pgf/math/pgfmath.sty
(/nix/store/ff99w9369azw8z5njzjs1zs86s18znyq-texlive-2025-r78234-final-env-texm
fdist/tex/generic/pgf/math/pgfmath.code.tex))
(/nix/store/ff99w9369azw8z5njzjs1zs86s18znyq-texlive-2025-r78234-final-env-texm
fdist/tex/generic/pgf/utilities/pgffor.code.tex
Package: pgffor 2025-08-29 v3.1.11a (3.1.11a)
\pgffor@iter=\dimen295
\pgffor@skip=\dimen296
\pgffor@stack=\toks46
\pgffor@toks=\toks47
))
(/nix/store/ff99w9369azw8z5njzjs1zs86s18znyq-texlive-2025-r78234-final-env-texm
fdist/tex/generic/pgf/frontendlayer/tikz/tikz.code.tex
Package: tikz 2025-08-29 v3.1.11a (3.1.11a)

(/nix/store/ff99w9369azw8z5njzjs1zs86s18znyq-texlive-2025-r78234-final-env-texm
fdist/tex/generic/pgf/libraries/pgflibraryplothandlers.code.tex
File: pgflibraryplothandlers.code.tex 2025-08-29 v3.1.11a (3.1.11a)
\pgf@plot@mark@count=\count349
\pgfplotmarksize=\dimen297
)
\tikz@lastx=\dimen298
\tikz@lasty=\dimen299
\tikz@lastxsaved=\dimen300
\tikz@lastysaved=\dimen301
\tikz@lastmovetox=\dimen302
\tikz@lastmovetoy=\dimen303
\tikzleveldistance=\dimen304
\tikzsiblingdistance=\dimen305
\tikz@figbox=\box75
\tikz@figbox@bg=\box76
\tikz@tempbox=\box77
\tikz@tempbox@bg=\box78
\tikztreelevel=\count350
\tikznumberofchildren=\count351
\tikznumberofcurrentchild=\count352
\tikz@fig@count=\count353

(/nix/store/ff99w9369azw8z5njzjs1zs86s18znyq-texlive-2025-r78234-final-env-texm
fdist/tex/generic/pgf/modules/pgfmodulematrix.code.tex
File: pgfmodulematrix.code.tex 2025-08-29 v3.1.11a (3.1.11a)
\pgfmatrixcurrentrow=\count354
\pgfmatrixcurrentcolumn=\count355
\pgf@matrix@numberofcolumns=\count356
)
\tikz@expandcount=\count357

(/nix/store/ff99w9369azw8z5njzjs1zs86s18znyq-texlive-2025-r78234-final-env-texm
fdist/tex/generic/pgf/frontendlayer/tikz/libraries/tikzlibrarytopaths.code.tex
File: tikzlibrarytopaths.code.tex 2025-08-29 v3.1.11a (3.1.11a)
)))
(/nix/store/ff99w9369azw8z5njzjs1zs86s18znyq-texlive-2025-r78234-final-env-texm
fdist/tex/latex/tools/verbatim.sty
Package: verbatim 2024-01-22 v1.5x LaTeX2e package for verbatim enhancements
\every@verbatim=\toks48
\verbatim@line=\toks49
\verbatim@in@stream=\read4
)
(/nix/store/ff99w9369azw8z5njzjs1zs86s18znyq-texlive-2025-r78234-final-env-texm
fdist/tex/latex/environ/environ.sty
Package: environ 2014/05/04 v0.3 A new way to define environments

(/nix/store/ff99w9369azw8z5njzjs1zs86s18znyq-texlive-2025-r78234-final-env-texm
fdist/tex/latex/trimspaces/trimspaces.sty
Package: trimspaces 2009/09/17 v1.1 Trim spaces around a token list
))
\tcb@titlebox=\box79
\tcb@upperbox=\box80
\tcb@lowerbox=\box81
\tcb@phantombox=\box82
\c@tcbbreakpart=\count358
\c@tcblayer=\count359
\c@tcolorbox@number=\count360
\l__tcobox_tmpa_box=\box83
\l__tcobox_tmpa_dim=\dimen306
\tcb@temp=\box84
\tcb@temp=\box85
\tcb@temp=\box86
\tcb@temp=\box87
)
(/nix/store/ff99w9369azw8z5njzjs1zs86s18znyq-texlive-2025-r78234-final-env-texm
fdist/tex/latex/tcolorbox/tcbskins.code.tex
Library (tcolorbox): 'tcbskins.code.tex' version '6.9.0'

(/nix/store/ff99w9369azw8z5njzjs1zs86s18znyq-texlive-2025-r78234-final-env-texm
fdist/tex/latex/tikzfill/tikzfill.image.sty
Package: tikzfill.image 2023/08/08 v1.0.1 Image filling library for TikZ

(/nix/store/ff99w9369azw8z5njzjs1zs86s18znyq-texlive-2025-r78234-final-env-texm
fdist/tex/latex/tikzfill/tikzfill-common.sty
Package: tikzfill-common 2023/08/08 v1.0.1 Auxiliary code for tikzfill
)
(/nix/store/ff99w9369azw8z5njzjs1zs86s18znyq-texlive-2025-r78234-final-env-texm
fdist/tex/latex/tikzfill/tikzlibraryfill.image.code.tex
File: tikzlibraryfill.image.code.tex 2023/08/08 v1.0.1 Image filling library
\l__tikzfill_img_box=\box88
))
(/nix/store/ff99w9369azw8z5njzjs1zs86s18znyq-texlive-2025-r78234-final-env-texm
fdist/tex/latex/tcolorbox/tcbskinsjigsaw.code.tex
Library (tcolorbox): 'tcbskinsjigsaw.code.tex' version '6.9.0'
))
(/nix/store/ff99w9369azw8z5njzjs1zs86s18znyq-texlive-2025-r78234-final-env-texm
fdist/tex/latex/tcolorbox/tcbbreakable.code.tex
Library (tcolorbox): 'tcbbreakable.code.tex' version '6.9.0'

(/nix/store/ff99w9369azw8z5njzjs1zs86s18znyq-texlive-2025-r78234-final-env-texm
fdist/tex/latex/pdfcol/pdfcol.sty
Package: pdfcol 2022-09-21 v1.7 Handle new color stacks for pdfTeX (HO)
)
Package pdfcol Info: New color stack `tcb@breakable' = 1 on input line 23.
\tcb@testbox=\box89
\tcb@totalupperbox=\box90
\tcb@totallowerbox=\box91
)
LaTeX Font Info:    Trying to load font information for T1+lmr on input line 31
4.

(/nix/store/ff99w9369azw8z5njzjs1zs86s18znyq-texlive-2025-r78234-final-env-texm
fdist/tex/latex/lm/t1lmr.fd
File: t1lmr.fd 2015/05/01 v1.6.1 Font defs for Latin Modern
)
(/nix/store/ff99w9369azw8z5njzjs1zs86s18znyq-texlive-2025-r78234-final-env-texm
fdist/tex/latex/l3backend/l3backend-pdftex.def
File: l3backend-pdftex.def 2025-10-09 L3 backend support: PDF output (pdfTeX)
\l__color_backend_stack_int=\count361
) (./main.aux
Package babel Info: 'brazilian' activates 'portuges' shorthands.
(babel)             Reported on input line 9.
)
\openout1 = `main.aux'.

LaTeX Font Info:    Checking defaults for OML/cmm/m/it on input line 314.
LaTeX Font Info:    ... okay on input line 314.
LaTeX Font Info:    Checking defaults for OMS/cmsy/m/n on input line 314.
LaTeX Font Info:    ... okay on input line 314.
LaTeX Font Info:    Checking defaults for OT1/cmr/m/n on input line 314.
LaTeX Font Info:    ... okay on input line 314.
LaTeX Font Info:    Checking defaults for T1/cmr/m/n on input line 314.
LaTeX Font Info:    ... okay on input line 314.
LaTeX Font Info:    Checking defaults for TS1/cmr/m/n on input line 314.
LaTeX Font Info:    ... okay on input line 314.
LaTeX Font Info:    Checking defaults for OMX/cmex/m/n on input line 314.
LaTeX Font Info:    ... okay on input line 314.
LaTeX Font Info:    Checking defaults for U/cmr/m/n on input line 314.
LaTeX Font Info:    ... okay on input line 314.
LaTeX Font Info:    Checking defaults for PD1/pdf/m/n on input line 314.
LaTeX Font Info:    ... okay on input line 314.
LaTeX Font Info:    Checking defaults for PU/pdf/m/n on input line 314.
LaTeX Font Info:    ... okay on input line 314.

*geometry* driver: auto-detecting
*geometry* detected driver: pdftex
*geometry* verbose mode - [ preamble ] result:
* driver: pdftex
* paper: a4paper
* layout: <same size as paper>
* layoutoffset:(h,v)=(0.0pt,0.0pt)
* modes: 
* h-part:(L,W,R)=(85.35826pt, 441.01773pt, 71.13188pt)
* v-part:(T,H,B)=(79.6678pt, 694.24716pt, 71.13188pt)
* \paperwidth=597.50787pt
* \paperheight=845.04684pt
* \textwidth=441.01773pt
* \textheight=694.24716pt
* \oddsidemargin=13.08827pt
* \evensidemargin=13.08827pt
* \topmargin=-29.60219pt
* \headheight=15.0pt
* \headsep=25.0pt
* \topskip=12.0pt
* \footskip=30.0pt
* \marginparwidth=35.0pt
* \marginparsep=10.0pt
* \columnsep=10.0pt
* \skip\footins=10.8pt plus 4.0pt minus 2.0pt
* \hoffset=0.0pt
* \voffset=0.0pt
* \mag=1000
* \@twocolumnfalse
* \@twosidefalse
* \@mparswitchfalse
* \@reversemarginfalse
* (1in=72.27pt=25.4mm, 1cm=28.453pt)

LaTeX Info: Redefining \microtypecontext on input line 314.
Package microtype Info: Applying patch `item' on input line 314.
Package microtype Info: Applying patch `toc' on input line 314.
Package microtype Info: Applying patch `eqnum' on input line 314.
Package microtype Info: Applying patch `footnote' on input line 314.
Package microtype Info: Applying patch `verbatim' on input line 314.
LaTeX Info: Redefining \microtypesetup on input line 314.
Package microtype Info: Generating PDF output.
Package microtype Info: Character protrusion enabled (level 2).
Package microtype Info: Using default protrusion set `alltext'.
Package microtype Info: Automatic font expansion enabled (level 2),
(microtype)             stretch: 20, shrink: 20, step: 1, non-selected.
Package microtype Info: Using default expansion set `alltext-nott'.
Package microtype Info: Patching command `\showhyphens'.
Package microtype Info: No adjustment of tracking.
Package microtype Info: No adjustment of interword spacing.
Package microtype Info: No adjustment of character kerning.

(/nix/store/ff99w9369azw8z5njzjs1zs86s18znyq-texlive-2025-r78234-final-env-texm
fdist/tex/latex/microtype/mt-cmr.cfg
File: mt-cmr.cfg 2013/05/19 v2.2 microtype config. file: Computer Modern Roman 
(RS)
)
(/nix/store/ff99w9369azw8z5njzjs1zs86s18znyq-texlive-2025-r78234-final-env-texm
fdist/tex/context/base/mkii/supp-pdf.mkii
[Loading MPS to PDF converter (version 2006.09.02).]
\scratchcounter=\count362
\scratchdimen=\dimen307
\scratchbox=\box92
\nofMPsegments=\count363
\nofMParguments=\count364
\everyMPshowfont=\toks50
\MPscratchCnt=\count365
\MPscratchDim=\dimen308
\MPnumerator=\count366
\makeMPintoPDFobject=\count367
\everyMPtoPDFconversion=\toks51
)
(/nix/store/ff99w9369azw8z5njzjs1zs86s18znyq-texlive-2025-r78234-final-env-texm
fdist/tex/latex/epstopdf-pkg/epstopdf-base.sty
Package: epstopdf-base 2020-01-24 v2.11 Base part for package epstopdf
Package epstopdf-base Info: Redefining graphics rule for `.eps' on input line 4
85.

(/nix/store/ff99w9369azw8z5njzjs1zs86s18znyq-texlive-2025-r78234-final-env-texm
fdist/tex/latex/latexconfig/epstopdf-sys.cfg
File: epstopdf-sys.cfg 2010/07/13 v1.3 Configuration of (r)epstopdf for TeX Liv
e
))
Package hyperref Info: Link coloring ON on input line 314.
\c@lstlisting=\count368
LaTeX Font Info:    Trying to load font information for OT1+lmr on input line 3
17.

(/nix/store/ff99w9369azw8z5njzjs1zs86s18znyq-texlive-2025-r78234-final-env-texm
fdist/tex/latex/lm/ot1lmr.fd
File: ot1lmr.fd 2015/05/01 v1.6.1 Font defs for Latin Modern
)
LaTeX Font Info:    Trying to load font information for OML+lmm on input line 3
17.

(/nix/store/ff99w9369azw8z5njzjs1zs86s18znyq-texlive-2025-r78234-final-env-texm
fdist/tex/latex/lm/omllmm.fd
File: omllmm.fd 2015/05/01 v1.6.1 Font defs for Latin Modern
)
LaTeX Font Info:    Trying to load font information for OMS+lmsy on input line 
317.

(/nix/store/ff99w9369azw8z5njzjs1zs86s18znyq-texlive-2025-r78234-final-env-texm
fdist/tex/latex/lm/omslmsy.fd
File: omslmsy.fd 2015/05/01 v1.6.1 Font defs for Latin Modern
)
LaTeX Font Info:    Trying to load font information for OMX+lmex on input line 
317.

(/nix/store/ff99w9369azw8z5njzjs1zs86s18znyq-texlive-2025-r78234-final-env-texm
fdist/tex/latex/lm/omxlmex.fd
File: omxlmex.fd 2015/05/01 v1.6.1 Font defs for Latin Modern
)
LaTeX Font Info:    External font `lmex10' loaded for size
(Font)              <14.4> on input line 317.
LaTeX Font Info:    External font `lmex10' loaded for size
(Font)              <10> on input line 317.
LaTeX Font Info:    External font `lmex10' loaded for size
(Font)              <7> on input line 317.
LaTeX Font Info:    Trying to load font information for U+msa on input line 317
.

(/nix/store/ff99w9369azw8z5njzjs1zs86s18znyq-texlive-2025-r78234-final-env-texm
fdist/tex/latex/amsfonts/umsa.fd
File: umsa.fd 2013/01/14 v3.01 AMS symbols A
)
(/nix/store/ff99w9369azw8z5njzjs1zs86s18znyq-texlive-2025-r78234-final-env-texm
fdist/tex/latex/microtype/mt-msa.cfg
File: mt-msa.cfg 2006/02/04 v1.1 microtype config. file: AMS symbols (a) (RS)
)
LaTeX Font Info:    Trying to load font information for U+msb on input line 317
.

(/nix/store/ff99w9369azw8z5njzjs1zs86s18znyq-texlive-2025-r78234-final-env-texm
fdist/tex/latex/amsfonts/umsb.fd
File: umsb.fd 2013/01/14 v3.01 AMS symbols B
)
(/nix/store/ff99w9369azw8z5njzjs1zs86s18znyq-texlive-2025-r78234-final-env-texm
fdist/tex/latex/microtype/mt-msb.cfg
File: mt-msb.cfg 2005/06/01 v1.0 microtype config. file: AMS symbols (b) (RS)
) (./main.toc
LaTeX Font Info:    External font `lmex10' loaded for size
(Font)              <12> on input line 5.
LaTeX Font Info:    External font `lmex10' loaded for size
(Font)              <8> on input line 5.
LaTeX Font Info:    External font `lmex10' loaded for size
(Font)              <6> on input line 5.
 [1

{/nix/store/hl0dgwqvnh7ls66xn4hmdxay7alrviy3-texlive-2025-r78234-final-env/shar
e/texmf-var/fonts/map/pdftex/updmap/pdftex.map}{/nix/store/ff99w9369azw8z5njzjs
1zs86s18znyq-texlive-2025-r78234-final-env-texmfdist/fonts/enc/dvips/lm/lm-ec.e
nc}{/nix/store/ff99w9369azw8z5njzjs1zs86s18znyq-texlive-2025-r78234-final-env-t
exmfdist/fonts/enc/dvips/lm/lm-mathsy.enc}] [2]
LaTeX Font Info:    Trying to load font information for T1+lmtt on input line 6
9.

(/nix/store/ff99w9369azw8z5njzjs1zs86s18znyq-texlive-2025-r78234-final-env-texm
fdist/tex/latex/lm/t1lmtt.fd
File: t1lmtt.fd 2015/05/01 v1.6.1 Font defs for Latin Modern
)
Package microtype Info: Loading generic protrusion settings for font family
(microtype)             `lmtt' (encoding: T1).
(microtype)             For optimal results, create family-specific settings.
(microtype)             See the microtype manual for details.
 [3] [4] [5] [6]
Overfull \hbox (15.85175pt too wide) in paragraph at lines 271--271
 [][] [][][]\T1/lmr/m/n/12 (-20) BOL-01 --- Bol-sista: Ações aca-dê-mi-cas, con
-sulta e re-ti-rada/devolução 
 []

[7])
\tf@toc=\write4
\openout4 = `main.toc'.

 [8] (./Section-1-Introducao.tex) (./Section-2-Como-vai-ser-o-Sistema.tex)
(./Section-3-Stakeholders.tex
LaTeX Font Info:    Trying to load font information for TS1+lmr on input line 1
7.

(/nix/store/ff99w9369azw8z5njzjs1zs86s18znyq-texlive-2025-r78234-final-env-texm
fdist/tex/latex/lm/ts1lmr.fd
File: ts1lmr.fd 2015/05/01 v1.6.1 Font defs for Latin Modern
) [9{/nix/store/ff99w9369azw8z5njzjs1zs86s18znyq-texlive-2025-r78234-final-env-
texmfdist/fonts/enc/dvips/lm/lm-mathit.enc}{/nix/store/ff99w9369azw8z5njzjs1zs8
6s18znyq-texlive-2025-r78234-final-env-texmfdist/fonts/enc/dvips/lm/lm-rm.enc}{
/nix/store/ff99w9369azw8z5njzjs1zs86s18znyq-texlive-2025-r78234-final-env-texmf
dist/fonts/enc/dvips/lm/lm-ts1.enc}] [10] [11]
Overfull \hbox (3.79793pt too wide) in paragraph at lines 112--112
 []|\T1/lmr/bx/n/10.95 (-20) Professor| 
 []


Overfull \hbox (3.79793pt too wide) in paragraph at lines 116--116
 []|\T1/lmr/bx/n/10.95 (-20) Professor| 
 []

LaTeX Font Info:    External font `lmex10' loaded for size
(Font)              <10.95> on input line 121.
[12] [13]) (./Section-4-Modelagem-Entidades-SQL-3FN.tex
LaTeX Font Info:    Font shape `T1/lmtt/bx/n' in size <14.4> not available
(Font)              Font shape `T1/lmtt/b/n' tried instead on input line 14.
 [14] [15] [16] [17]
[18]
Underfull \hbox (badness 1292) in paragraph at lines 166--167
[]\T1/lmr/m/n/10.95 (+20) Para re-qui-si-ção de \T1/lmr/bx/n/10.95 (+20) adi-çã
o\T1/lmr/m/n/10.95 (+20) : do-cId = \T1/lmtt/m/n/10.95 bem_adicao_{numero_patri
monio_
 []

[19] [20] [21] [22] [23] [24] [25] [26] [27] [28] [29]
Overfull \hbox (69.14241pt too wide) in paragraph at lines 427--427
[] 
 []

[30] [31] [32] [33] [34] [35] [36]
Underfull \hbox (badness 10000) in paragraph at lines 660--661
[]\T1/lmr/m/n/10.95 (+20) No Fi-res-tore, esta en-ti-dade é im-ple-men-tada com
o sub-coleção
 []

[37] [38] [39] [40]
Overfull \hbox (8.7373pt too wide) in paragraph at lines 787--788
[]\T1/lmr/m/n/10.95 (-20) Composicao_Reagente usa UNI-QUE(id_especificacao_reag
ente, id_substancia_quimica). 
 []

[41]
ignored error: Infinite glue shrinkage found in box being split [42] [43]
[44]) (./Section-5-Notas-de-Mapeamento-para-Firestore.tex [45]
Overfull \hbox (1.73169pt too wide) in paragraph at lines 16--17
\T1/lmr/m/n/10.95 (-20) bém per-tence ao re-sumo. Fil-tro usa igual-dade: \T1/l
mtt/m/n/10.95 .where("estado_fisico", "==", "SOLIDO")\T1/lmr/m/n/10.95 (-20) .
 []


Overfull \hbox (25.2053pt too wide) in paragraph at lines 19--20
\T1/lmr/m/n/10.95 (-20) No mo-delo 3FN, o nome do tipo de bem per-tence ex-clu-
si-va-mente a \T1/lmr/m/it/10.95 (-20) Re-sumo_Bem_Patrimonial.nome\T1/lmr/m/n/
10.95 (-20) ;
 []

[46]
Overfull \hbox (4.49146pt too wide) in paragraph at lines 32--38
\T1/lmr/m/n/10.95 (-20) O Post-greSQL im-ple-menta a re-gra RF10b via ín-dice ú
nico par-cial \T1/lmtt/m/n/10.95 UNIQUE(numero_patrimonio_
 []

[47]
Overfull \hbox (50.3922pt too wide) in paragraph at lines 54--55
[]\T1/lmtt/m/n/10.95 Frasco_Reagente\T1/lmr/m/n/10.95 (-20) : \T1/lmtt/m/n/10.9
5 id_almoxarifado (ASC) \T1/lmr/m/n/10.95 (-20) + \T1/lmtt/m/n/10.95 id_resumo_
reagente (ASC) \T1/lmr/m/n/10.95 (-20) + \T1/lmtt/m/n/10.95 id_especificacao_
 []

LaTeX Font Info:    Font shape `T1/lmtt/bx/n' in size <10.95> not available
(Font)              Font shape `T1/lmtt/b/n' tried instead on input line 113.

Overfull \hbox (13.21942pt too wide) in paragraph at lines 123--124
\T1/lmtt/m/n/10.95 onFrascoCriado\T1/lmr/m/n/10.95 (-20) /\T1/lmtt/m/n/10.95 on
FrascoRemovido\T1/lmr/m/n/10.95 (-20) .|  
 []

ignored error: Infinite glue shrinkage found in box being split [48]
ignored error: Infinite glue shrinkage found in box being split [49]
ignored error: Infinite glue shrinkage found in box being split [50]
ignored error: Infinite glue shrinkage found in box being split [51]
ignored error: Infinite glue shrinkage found in box being split [52] [53]
LaTeX Font Info:    Font shape `T1/lmtt/bx/n' in size <12> not available
(Font)              Font shape `T1/lmtt/b/n' tried instead on input line 147.

[54] [55] [56] [57] [58] [59] [60]
Underfull \hbox (badness 10000) in paragraph at lines 325--327
[]\T1/lmr/m/n/12 (+20) Caminho: \T1/lmtt/m/n/12 Resumo_Reagente/{resumoId}/Espe
cificacoes/{id}:
 []

[61] [62] [63]
Underfull \hbox (badness 10000) in paragraph at lines 387--388
[]\T1/lmr/m/n/12 (+20) string enum; O. Con-di-ção do re-ci-pi-ente/conteúdo;
 []


Underfull \hbox (badness 5878) in paragraph at lines 387--388
\T1/lmr/m/n/12 (+20) qua-ren-tena e ven-ci-mento são di-men-sões se-pa-ra-das. 
Va-lo-res: FE-
 []

[64] [65] [66]
Underfull \hbox (badness 1735) in paragraph at lines 435--436
[]\T1/lmr/m/n/12 (+20) string enum; O. Fi-na-li-dade va-li-dada na re-ti-rada. 
Va-lo-res:
 []

[67]
Underfull \hbox (badness 10000) in paragraph at lines 442--443
[]\T1/lmr/m/n/12 (+20) string enum; N. Va-lo-res: QUE-BRA_
 []

[68] [69]
Overfull \hbox (19.7406pt too wide) in paragraph at lines 491--493
[]\T1/lmr/m/n/12 (-20) Caminho: \T1/lmtt/m/n/12 Turma/{id}/Posts/{postId}/Comen
tarios/{id}/Historico/{eventoId}\T1/lmr/m/n/12 (-20) . 
 []

[70] [71] [72] [73]
Underfull \hbox (badness 1742) in paragraph at lines 584--585
\T1/lmr/m/n/12 (+20) FRAS-COS_VENCIDOS, FRAS-COS_A_SEREM_PESADOS, FRAS-COS_
 []

[74] [75] [76]
Underfull \hbox (badness 6944) in paragraph at lines 657--658
[]\T1/lmr/m/n/12 (+20) number; O. Con-ta-gem que cons-tava no do-cu-mento \T1/l
mtt/m/n/12 Lote_
 []

[77] [78] [79] [80] [81] [82]
Underfull \hbox (badness 10000) in paragraph at lines 760--761
[]\T1/lmtt/m/n/12 Usuarios/uid/Turmas/turmaId\T1/lmr/m/n/12 (+20) : \T1/lmtt/m/
n/12 id_turma\T1/lmr/m/n/12 (+20) , \T1/lmtt/m/n/12 id_
 []


Underfull \hbox (badness 10000) in paragraph at lines 762--763
[]\T1/lmtt/m/n/12 id_resumo_reagente\T1/lmr/m/n/12 (+20) , \T1/lmtt/m/n/12 id_e
specificacao_reagente\T1/lmr/m/n/12 (+20) , \T1/lmtt/m/n/12 nome_
 []


Underfull \hbox (badness 2326) in paragraph at lines 762--763
\T1/lmtt/m/n/12 reagente \T1/lmr/m/n/12 (+20) (strings O) são pro-je-ções ser-v
i-dor; em Frasco, es-pe-ci-fi-ca-ção
 []


Underfull \hbox (badness 1424) in paragraph at lines 762--763
\T1/lmr/m/n/12 (+20) per-ma-nece re-sol-vida mesmo com lote, como des-nor-ma-li
-za-ção de-li-be-rada.
 []


Underfull \hbox (badness 1286) in paragraph at lines 762--763
\T1/lmtt/m/n/12 versao \T1/lmr/m/n/12 (+20) (in-teiro O), \T1/lmtt/m/n/12 ultim
a_pesagem_em \T1/lmr/m/n/12 (+20) (Ti-mes-tamp, N) e \T1/lmtt/m/n/12 modalidade
_
 []


Underfull \hbox (badness 1603) in paragraph at lines 762--763
\T1/lmtt/m/n/12 cadastro \T1/lmr/m/n/12 (+20) (FE-CHADO/CONHECE_TARA/ESTIMA_VOL
UME/ESTIMA_
 []


Underfull \hbox (badness 10000) in paragraph at lines 763--764
[]\T1/lmtt/m/n/12 id_almoxarifado\T1/lmr/m/n/12 (+20) , \T1/lmtt/m/n/12 id_resu
mo_reagente\T1/lmr/m/n/12 (+20) , \T1/lmtt/m/n/12 id_especificacao_
 []


Underfull \hbox (badness 1360) in paragraph at lines 763--764
\T1/lmtt/m/n/12 reagente \T1/lmr/m/n/12 (+20) (strings O), \T1/lmtt/m/n/12 dens
idade_aplicada \T1/lmr/m/n/12 (+20) (num-ber po-si-tiva C para lí-
 []

[83]
Underfull \hbox (badness 10000) in paragraph at lines 768--769
[]\T1/lmtt/m/n/12 Contador_Codigo_Frasco/singleton\T1/lmr/m/n/12 (+20) : \T1/lm
tt/m/n/12 ultimo_codigo_gerado \T1/lmr/m/n/12 (+20) (in-
 []


Underfull \hbox (badness 2790) in paragraph at lines 768--769
\T1/lmr/m/n/12 (+20) teiro não ne-ga-tivo O). Não criar si-mul-ta-ne-a-mente Co
n-ta-do-res/codigo_
 []


Underfull \hbox (badness 10000) in paragraph at lines 768--769
\T1/lmr/m/n/12 (+20) frasco. Im-pres-sao_Etiqueta_Frasco acres-centa \T1/lmtt/m
/n/12 start_row \T1/lmr/m/n/12 (+20) (1--10),
 []


Underfull \hbox (badness 2617) in paragraph at lines 768--769
\T1/lmtt/m/n/12 start_col \T1/lmr/m/n/12 (+20) (1--3), \T1/lmtt/m/n/12 id_opera
cao \T1/lmr/m/n/12 (+20) (string O) e \T1/lmtt/m/n/12 status_geracao \T1/lmr/m/
n/12 (+20) (SO-LI-CI-
 []


Underfull \hbox (badness 10000) in paragraph at lines 769--770
[]\T1/lmr/m/n/12 (+20) Locks_Requisicao_Patrimonio con-tém \T1/lmtt/m/n/12 id_r
equisicao\T1/lmr/m/n/12 (+20) , \T1/lmtt/m/n/12 tipo \T1/lmr/m/n/12 (+20) (ADI-

 []


Underfull \hbox (badness 1132) in paragraph at lines 770--771
[]\T1/lmtt/m/n/12 Chaves_Unicas/chaveHash\T1/lmr/m/n/12 (+20) : \T1/lmtt/m/n/12
 tipo\T1/lmr/m/n/12 (+20) , \T1/lmtt/m/n/12 id_recurso \T1/lmr/m/n/12 (+20) (st
rings O),
 []

[84]
Underfull \hbox (badness 10000) in paragraph at lines 771--772
[]\T1/lmtt/m/n/12 Eventos_Processados/eventId\T1/lmr/m/n/12 (+20) : \T1/lmtt/m/
n/12 processado_
 []


Underfull \hbox (badness 2617) in paragraph at lines 771--772
\T1/lmtt/m/n/12 em \T1/lmr/m/n/12 (+20) (Ti-mes-tamp O). Usado em tran-sa-ções 
ori-gi-na-das por trig-gers (ex:
 []


Underfull \hbox (badness 10000) in paragraph at lines 772--773
[]\T1/lmtt/m/n/12 Operacoes/id\T1/lmr/m/n/12 (+20) : \T1/lmtt/m/n/12 uid\T1/lmr
/m/n/12 (+20) , \T1/lmtt/m/n/12 tipo_operacao\T1/lmr/m/n/12 (+20) , \T1/lmtt/m/
n/12 payload_hash
 []


Underfull \hbox (badness 10000) in paragraph at lines 772--773
\T1/lmr/m/n/12 (+20) (strings O, hash SHA-256 ca-nô-nico do pay-load), \T1/lmtt
/m/n/12 status \T1/lmr/m/n/12 (+20) (PEN-
 []


Underfull \hbox (badness 10000) in paragraph at lines 772--773
\T1/lmr/m/n/12 (+20) DENTE/CONCLUIDA/FALHOU), \T1/lmtt/m/n/12 resultado \T1/lmr
/m/n/12 (+20) (map N), \T1/lmtt/m/n/12 criado_em\T1/lmr/m/n/12 (+20) ,
 []


Underfull \hbox (badness 1024) in paragraph at lines 772--773
\T1/lmtt/m/n/12 atualizado_em \T1/lmr/m/n/12 (+20) (Ti-mes-tamp O). Chave é vin
-cu-lada ao ator/ação e pay-
 []


Underfull \hbox (badness 2591) in paragraph at lines 773--774
[]\T1/lmtt/m/n/12 Controle_Papeis/singleton\T1/lmr/m/n/12 (+20) : \T1/lmtt/m/n/
12 chefes_ativos\T1/lmr/m/n/12 (+20) , \T1/lmtt/m/n/12 gestores_
 []

[85] [86]) (./Section-6-Materialized-Views.tex [87]
Underfull \hbox (badness 10000) in paragraph at lines 31--31
\T1/lmr/bx/it/12 (+20) volume_total_usado_nos_frascos_devolvidos_durante_o_dia
 []

[88] [89] [90] [91] [92]) (./Section-7-Requisitos-e-Regras-de-Negocio.tex
[93]
ignored error: Infinite glue shrinkage found in box being split [94]
Underfull \hbox (badness 10000) in paragraph at lines 56--57

 []

[95] [96] [97]
Underfull \hbox (badness 1490) in paragraph at lines 141--143
\T1/lmr/m/n/12 (+20) A ava-li-a-ção de ga-nho má-ximo per-mi-tido se-gue es-tri
-ta-mente a fór-mula:
 []

[98] [99] [100] [101]
ignored error: Infinite glue shrinkage found in box being split [102] [103]
[104] [105] [106]) (./Section-8-Descricao-das-telas-Dashboards.tex [107]
[108] [109] [110] [111] [112] [113] [114] [115] [116] [117] [118]
Overfull \hbox (3.1063pt too wide) in paragraph at lines 242--243
\T1/lmr/m/n/10.95 (-20) queta tex-tual até 30 ca-rac-te-res pre-ser-vando ze-ro
s ini-ci-ais, con-ser-va-ção BOM/REGULAR/RUIM,
 []

[119] [120] [121]) (./Section-9-Exemplos-de-fluxos.tex [122] [123] [124]
[125] [126] [127] [128] [129] [130]
Overfull \hbox (6.84756pt too wide) in paragraph at lines 153--154
\T1/lmr/bx/n/10.95 (-20) Contrato: \T1/lmr/m/n/10.95 (-20) UI-11. Mais > Novo R
o-teiro ou Ge-ren-ciar Ro-tei-ros > upload > nome/descrição/PDF
 []

[131]
Overfull \hbox (5.44351pt too wide) in paragraph at lines 167--167
[]\T1/lmr/bx/n/12 (-20) PRO-10 --- Pro-fes-sor: Pes-qui-sar pa-tri-mô-nio e re-
qui-si-tar adi-ção/edição 
 []


Overfull \hbox (2.27884pt too wide) in paragraph at lines 182--182
[]\T1/lmr/bx/n/12 (-20) BOL-01 --- Bol-sista: Ações aca-dê-mi-cas, con-sulta e 
re-ti-rada/devolução
 []


Overfull \hbox (18.58511pt too wide) in paragraph at lines 186--187
\T1/lmr/bx/n/10.95 (-20) Contrato: \T1/lmr/m/n/10.95 (-20) UI-05. Es-to-que > N
ovo Re-a-gente > reu-ti-li-zar/criar re-sumo > com-po-si-ção/especificação
 []

[132]
Overfull \hbox (19.59723pt too wide) in paragraph at lines 195--196
\T1/lmr/bx/n/10.95 (-20) Contrato: \T1/lmr/m/n/10.95 (-20) UI-07. Re-gis-trar R
e-ti-rada > có-digo > Pro-fes-sor/Bolsista > lo-cal/peso/prazo/finalidade
 []

[133] [134])
(./Section-10-Tecnologia-e-Relatorios-Vercel-Firebase/Section-10-Tecnologia-e-R
elatorios-Vercel-Firebase_main.tex [135]
(./Section-10-Tecnologia-e-Relatorios-Vercel-Firebase/Section-10-Subsection-1-P
ara-relatorios.tex [136])
(./Section-10-Tecnologia-e-Relatorios-Vercel-Firebase/Section-10-Subsection-2-P
rincipio-nunca-confiar-no-client-side.tex)
(./Section-10-Tecnologia-e-Relatorios-Vercel-Firebase/Section-10-Subsection-3-F
uncoes-de-Apoio-Autorizacao.tex [137] [138] [139])
(./Section-10-Tecnologia-e-Relatorios-Vercel-Firebase/Section-10-Subsection-4-R
evogacao-de-Papel.tex [140] [141] [142] [143])
(./Section-10-Tecnologia-e-Relatorios-Vercel-Firebase/Section-10-Subsection-5-F
luxo-de-Reagentes.tex [144] [145] [146] [147] [148] [149] [150] [151] [152]
[153] [154] [155] [156] [157] [158] [159] [160] [161] [162] [163] [164]
[165] [166] [167])
(./Section-10-Tecnologia-e-Relatorios-Vercel-Firebase/Section-10-Subsection-6-V
alidacao-sincrona-de-validade.tex)
(./Section-10-Tecnologia-e-Relatorios-Vercel-Firebase/Section-10-Subsection-7-J
obs-Agendados.tex [168] [169] [170] [171] [172] [173] [174] [175] [176]
[177] [178])
(./Section-10-Tecnologia-e-Relatorios-Vercel-Firebase/Section-10-Subsection-8-F
luxo-de-Bens-Patrimoniais.tex [179] [180] [181] [182] [183] [184] [185]
[186] [187] [188] [189] [190] [191] [192] [193] [194])
(./Section-10-Tecnologia-e-Relatorios-Vercel-Firebase/Section-10-Subsection-9-R
elatorios-em-PDF.tex [195] [196] [197] [198]
Overfull \hbox (15.88602pt too wide) in paragraph at lines 127--128
[][][][] 
 []


Overfull \hbox (15.88602pt too wide) in paragraph at lines 129--130
[][][][] 
 []

[199]
Overfull \hbox (15.88602pt too wide) in paragraph at lines 170--171
[][][][] 
 []


Overfull \hbox (15.88602pt too wide) in paragraph at lines 172--173
[][][][] 
 []

[200])
(./Section-10-Tecnologia-e-Relatorios-Vercel-Firebase/Section-10-Subsection-10-
Consolidacao-do-planejamento.tex [201] [202] [203] [204] [205] [206] [207]
[208] [209])) (./Section-11-Regras-de-Seguranca-do-Firestore-Security-Rules.tex
[210]
ignored error: Infinite glue shrinkage found in box being split [211]
ignored error: Infinite glue shrinkage found in box being split [212] [213])
(./Section-12-Implementacoes-em-Estudo-para-Versoes-Futuras.tex [214]
Underfull \hbox (badness 1584) in paragraph at lines 21--21
[]|\T1/lmr/m/n/10.95 (+20) Tipo de subs-tân-cia (já
 []


LaTeX Font Warning: Font shape `T1/lmtt/bx/it' in size <14.4> not available
(Font)              Font shape `T1/lmtt/b/sl' tried instead on input line 31.


Underfull \hbox (badness 10000) in paragraph at lines 33--33
 \T1/lmr/m/it/10.95 (+20) CON-VEN-CI-O-NAL, GAS_COMPRIMIDO, GAS_LIQUEFEITO, GAS
_
 []

[215]) (./Formal-Spec-M0.tex [216] [217]
(./generated/entities/frasco_reagente.tex)
(./generated/invariants/retirar_frasco.tex) [218

]) (./Formal-Spec-M1.tex
[219] (./generated/entities/resumo_reagente.tex)
(./generated/firestore/resumo_reagente.tex) [220

]
(./generated/entities/especificacao_reagente.tex)
(./generated/firestore/especificacao_reagente.tex) [221

]) [222]

enddocument/afterlastpage (AED): lastpage setting LastPage.
(./main.aux)
 ***********
LaTeX2e <2025-11-01>
L3 programming layer <2026-01-19>
 ***********
 ) 
Here is how much of TeX's memory you used:
 36532 strings out of 467535
 703585 string characters out of 5388798
 1604551 words of memory out of 5000000
 61418 multiletter control sequences out of 15000+600000
 757575 words of font info for 354 fonts, out of 8000000 for 9000
 1141 hyphenation exceptions out of 8191
 98i,12n,108p,1200b,2159s stack positions out of 10000i,1000n,20000p,200000b,200000s
</nix/store/ff99w9369azw8z5njzjs1zs86s18znyq-texlive-2025-r78234-final-env-te
xmfdist/fonts/type1/public/lm/lmbx10.pfb></nix/store/ff99w9369azw8z5njzjs1zs86s
18znyq-texlive-2025-r78234-final-env-texmfdist/fonts/type1/public/lm/lmbx12.pfb
></nix/store/ff99w9369azw8z5njzjs1zs86s18znyq-texlive-2025-r78234-final-env-tex
mfdist/fonts/type1/public/lm/lmbx8.pfb></nix/store/ff99w9369azw8z5njzjs1zs86s18
znyq-texlive-2025-r78234-final-env-texmfdist/fonts/type1/public/lm/lmbxi10.pfb>
</nix/store/ff99w9369azw8z5njzjs1zs86s18znyq-texlive-2025-r78234-final-env-texm
fdist/fonts/type1/public/lm/lmmi10.pfb></nix/store/ff99w9369azw8z5njzjs1zs86s18
znyq-texlive-2025-r78234-final-env-texmfdist/fonts/type1/public/lm/lmmi12.pfb><
/nix/store/ff99w9369azw8z5njzjs1zs86s18znyq-texlive-2025-r78234-final-env-texmf
dist/fonts/type1/public/lm/lmmi6.pfb></nix/store/ff99w9369azw8z5njzjs1zs86s18zn
yq-texlive-2025-r78234-final-env-texmfdist/fonts/type1/public/lm/lmmi8.pfb></ni
x/store/ff99w9369azw8z5njzjs1zs86s18znyq-texlive-2025-r78234-final-env-texmfdis
t/fonts/type1/public/lm/lmr10.pfb></nix/store/ff99w9369azw8z5njzjs1zs86s18znyq-
texlive-2025-r78234-final-env-texmfdist/fonts/type1/public/lm/lmr12.pfb></nix/s
tore/ff99w9369azw8z5njzjs1zs86s18znyq-texlive-2025-r78234-final-env-texmfdist/f
onts/type1/public/lm/lmr8.pfb></nix/store/ff99w9369azw8z5njzjs1zs86s18znyq-texl
ive-2025-r78234-final-env-texmfdist/fonts/type1/public/lm/lmri10.pfb></nix/stor
e/ff99w9369azw8z5njzjs1zs86s18znyq-texlive-2025-r78234-final-env-texmfdist/font
s/type1/public/lm/lmri12.pfb></nix/store/ff99w9369azw8z5njzjs1zs86s18znyq-texli
ve-2025-r78234-final-env-texmfdist/fonts/type1/public/lm/lmri8.pfb></nix/store/
ff99w9369azw8z5njzjs1zs86s18znyq-texlive-2025-r78234-final-env-texmfdist/fonts/
type1/public/lm/lmsy10.pfb></nix/store/ff99w9369azw8z5njzjs1zs86s18znyq-texlive
-2025-r78234-final-env-texmfdist/fonts/type1/public/lm/lmsy8.pfb></nix/store/ff
99w9369azw8z5njzjs1zs86s18znyq-texlive-2025-r78234-final-env-texmfdist/fonts/ty
pe1/public/lm/lmtk10.pfb></nix/store/ff99w9369azw8z5njzjs1zs86s18znyq-texlive-2
025-r78234-final-env-texmfdist/fonts/type1/public/lm/lmtko10.pfb></nix/store/ff
99w9369azw8z5njzjs1zs86s18znyq-texlive-2025-r78234-final-env-texmfdist/fonts/ty
pe1/public/lm/lmtt10.pfb></nix/store/ff99w9369azw8z5njzjs1zs86s18znyq-texlive-2
025-r78234-final-env-texmfdist/fonts/type1/public/lm/lmtt12.pfb></nix/store/ff9
9w9369azw8z5njzjs1zs86s18znyq-texlive-2025-r78234-final-env-texmfdist/fonts/typ
e1/public/lm/lmtt8.pfb></nix/store/ff99w9369azw8z5njzjs1zs86s18znyq-texlive-202
5-r78234-final-env-texmfdist/fonts/type1/public/lm/lmtti10.pfb></nix/store/ff99
w9369azw8z5njzjs1zs86s18znyq-texlive-2025-r78234-final-env-texmfdist/fonts/type
1/public/amsfonts/symbols/msam10.pfb>
Output written on main.pdf (222 pages, 1224463 bytes).
PDF statistics:
 5713 PDF objects out of 6186 (max. 8388607)
 5384 compressed objects within 54 object streams
 2939 named destinations out of 2984 (max. 500000)
 67589 words of extra memory for PDF output out of 74296 (max. 10000000)

